// Jest Snapshot v1, https://goo.gl/fbAQLP

exports[`Placeholder Screens Snapshots AppointmentsScreen should render correctly 1`] = `null`;

exports[`Placeholder Screens Snapshots DocumentsScreen should render correctly 1`] = `null`;

exports[`Placeholder Screens Snapshots TasksMainScreen should render correctly 1`] = `null`;
